A=1
common1=1
common2=2
B=2
common1=1
common2=2
C=3
